t[0] = 0
t[1] = 0
t[2] = 0
t[3] = 0
t[4] = 0
t[5] = 0
t[6] = 0
t[7] = 0
