y a l'interieur vaut 0, mais a l'exterieur du bloc il vaut 0