entrezno :0  entrezno :1  Tableau de taille 2 = [394592310,1]
Main: Tableau de taille 2 = [394592310,1]
Fini