
 Entrer le 0eme:  
 Entrer le 1eme:  
 Entrer le 2eme:  
 Entrer le 3eme:  
 Entrer le 4eme:  
 Entrer le 5eme:  
 Entrer le 6eme:  
 Entrer le 7eme:  
 Entrer le 8eme:  
 Entrer le 9eme:  
 t[0] = 0
 t[1] = 0
 t[2] = 0
 t[3] = 0
 t[4] = 0
 t[5] = 0
 t[6] = 0
 t[7] = 0
 t[8] = 0
 t[9] = 0