
 Entrer le0eme:     i=1  j=0
 Entrer le1eme:     i=2  j=0
 Entrer le2eme:     i=3  j=0
 Entrer le3eme:     i=4  j=0
 Entrer le4eme:     i=5  j=0
 Entrer le5eme:     i=6  j=0
 Entrer le6eme:     i=7  j=0
 Entrer le7eme:     i=8  j=0
 Entrer le8eme:     i=9  j=0
 Entrer le9eme:     i=10  j=0
 t[0] = 0
 t[1] = 0
 t[2] = 0
 t[3] = 0
 t[4] = 0
 t[5] = 0
 t[6] = 0
 t[7] = 0
 t[8] = 0
 t[9] = 0